******************************************************************************
       MSP430 Evaluation Linker PC v3.3.3                      
******************************************************************************
>> Linked Wed Mar 14 23:41:05 2012

OUTPUT FILE NAME:   <DemoApp.out>
ENTRY POINT SYMBOL: "_c_int00"  address: 0000c466


MEMORY CONFIGURATION

         name            origin    length      used     unused   attr    fill
----------------------  --------  ---------  --------  --------  ----  --------
  SFR                   00000000   00000010  00000000  00000010  RWIX
  PERIPHERALS_8BIT      00000010   000000f0  00000000  000000f0  RWIX
  PERIPHERALS_16BIT     00000100   00000100  00000000  00000100  RWIX
  RAM                   00000200   00000200  0000008e  00000172  RWIX
  INFOD                 00001000   00000040  00000000  00000040  RWIX
  INFOC                 00001040   00000040  00000000  00000040  RWIX
  INFOB                 00001080   00000040  00000000  00000040  RWIX
  INFOA                 000010c0   00000040  00000000  00000040  RWIX
  FLASH                 0000c000   00003fe0  000005ac  00003a34  RWIX
  INT00                 0000ffe0   00000002  00000000  00000002  RWIX
  INT01                 0000ffe2   00000002  00000000  00000002  RWIX
  INT02                 0000ffe4   00000002  00000002  00000000  RWIX
  INT03                 0000ffe6   00000002  00000000  00000002  RWIX
  INT04                 0000ffe8   00000002  00000000  00000002  RWIX
  INT05                 0000ffea   00000002  00000002  00000000  RWIX
  INT06                 0000ffec   00000002  00000000  00000002  RWIX
  INT07                 0000ffee   00000002  00000000  00000002  RWIX
  INT08                 0000fff0   00000002  00000002  00000000  RWIX
  INT09                 0000fff2   00000002  00000002  00000000  RWIX
  INT10                 0000fff4   00000002  00000002  00000000  RWIX
  INT11                 0000fff6   00000002  00000000  00000002  RWIX
  INT12                 0000fff8   00000002  00000000  00000002  RWIX
  INT13                 0000fffa   00000002  00000000  00000002  RWIX
  INT14                 0000fffc   00000002  00000000  00000002  RWIX
  RESET                 0000fffe   00000002  00000002  00000000  RWIX


SECTION ALLOCATION MAP

 output                                  attributes/
section   page    origin      length       input sections
--------  ----  ----------  ----------   ----------------
.pinit     0    0000c000    00000000     UNINITIALIZED

.bss       0    00000200    0000003e     UNINITIALIZED
                  00000200    00000036     Main.obj (.bss)
                  00000236    00000004     rts430.lib : _lock.obj (.bss)
                  0000023a    00000004                : boot.obj (.bss)

.stack     0    000003b0    00000050     UNINITIALIZED
                  000003b0    00000002     rts430.lib : boot.obj (.stack)
                  000003b2    0000004e     --HOLE--

.text      0    0000c000    0000058c     
                  0000c000    000001aa     Main.obj (.text:main)
                  0000c1aa    00000062     Main.obj (.text:Timer_A)
                  0000c20c    00000058     Main.obj (.text:ConfigureAdcTempSensor)
                  0000c264    00000058     rts430.lib : div32u.obj (.text)
                  0000c2bc    00000046                : autoinit.obj (.text:_auto_init)
                  0000c302    00000040                : div32s.obj (.text)
                  0000c342    0000003e                : asr32.obj (.text:l_asr_const)
                  0000c380    0000003e                : lsl32.obj (.text:l_lsl_const)
                  0000c3be    0000003c     Main.obj (.text:Transmit)
                  0000c3fa    0000003a     Main.obj (.text:PORT1_ISR)
                  0000c434    00000032     Main.obj (.text:PreApplicationMode)
                  0000c466    00000026     rts430.lib : boot.obj (.text:_c_int00_noexit)
                  0000c48c    00000026                : mult32.obj (.text)
                  0000c4b2    00000022     Main.obj (.text:ConfigureTimerPwm)
                  0000c4d4    0000001a     Main.obj (.text:ConfigureTimerUart)
                  0000c4ee    0000001a     Main.obj (.text:InitializeButton)
                  0000c508    0000001a     Main.obj (.text:ta1_isr)
                  0000c522    00000014     Main.obj (.text:InitializeClocks)
                  0000c536    00000014     Main.obj (.text:WDT_ISR)
                  0000c54a    00000012     rts430.lib : memcpy.obj (.text:memcpy)
                  0000c55c    00000010                : epilog.obj (.text)
                  0000c56c    0000000e     Main.obj (.text:InitializeLeds)
                  0000c57a    00000008     Main.obj (.text:ADC10_ISR)
                  0000c582    00000004     rts430.lib : pre_init.obj (.text:_system_pre_init)
                  0000c586    00000004                : exit.obj (.text:abort)
                  0000c58a    00000002                : _lock.obj (.text:_nop)

.cinit     0    0000c58c    00000020     
                  0000c58c    0000001d     Main.obj (.cinit)
                  0000c5a9    00000001     --HOLE-- [fill = 0]
                  0000c5aa    00000002     (.pad.cinit) [fill = 0]

.int02     0    0000ffe4    00000002     
                  0000ffe4    00000002     Main.obj (.int02)

.int05     0    0000ffea    00000002     
                  0000ffea    00000002     Main.obj (.int05)

.int08     0    0000fff0    00000002     
                  0000fff0    00000002     Main.obj (.int08)

.int09     0    0000fff2    00000002     
                  0000fff2    00000002     Main.obj (.int09)

.int10     0    0000fff4    00000002     
                  0000fff4    00000002     Main.obj (.int10)

.reset     0    0000fffe    00000002     
                  0000fffe    00000002     rts430.lib : boot.obj (.reset)


GLOBAL SYMBOLS: SORTED ALPHABETICALLY BY Name 

address    name
--------   ----
00000200   .bss
0000c000   .text
0000004a   ADC10AE0
000001b0   ADC10CTL0
000001b2   ADC10CTL1
00000048   ADC10DTC0
00000049   ADC10DTC1
000001b4   ADC10MEM
000001bc   ADC10SA
0000c57a   ADC10_ISR
00000057   BCSCTL1
00000058   BCSCTL2
00000053   BCSCTL3
00000200   BitCnt
0000c586   C$$EXIT
00000059   CACTL1
0000005a   CACTL2
000010fb   CALBC1_12MHZ
000010f9   CALBC1_16MHZ
000010ff   CALBC1_1MHZ
000010fd   CALBC1_8MHZ
000010fa   CALDCO_12MHZ
000010f8   CALDCO_16MHZ
000010fe   CALDCO_1MHZ
000010fc   CALDCO_8MHZ
0000005b   CAPD
0000c20c   ConfigureAdcTempSensor
0000c4b2   ConfigureTimerPwm
0000c4d4   ConfigureTimerUart
00000056   DCOCTL
00000128   FCTL1
0000012a   FCTL2
0000012c   FCTL3
00000000   IE1
00000001   IE2
00000002   IFG1
00000003   IFG2
0000c4ee   InitializeButton
0000c522   InitializeClocks
0000c56c   InitializeLeds
0000c37a   L_ASR_1
0000c356   L_ASR_10
0000c352   L_ASR_11
0000c34e   L_ASR_12
0000c34a   L_ASR_13
0000c346   L_ASR_14
0000c342   L_ASR_15
0000c376   L_ASR_2
0000c372   L_ASR_3
0000c36e   L_ASR_4
0000c36a   L_ASR_5
0000c366   L_ASR_6
0000c362   L_ASR_7
0000c35e   L_ASR_8
0000c35a   L_ASR_9
0000c3b8   L_LSL_1
0000c394   L_LSL_10
0000c390   L_LSL_11
0000c38c   L_LSL_12
0000c388   L_LSL_13
0000c384   L_LSL_14
0000c380   L_LSL_15
0000c3b4   L_LSL_2
0000c3b0   L_LSL_3
0000c3ac   L_LSL_4
0000c3a8   L_LSL_5
0000c3a4   L_LSL_6
0000c3a0   L_LSL_7
0000c39c   L_LSL_8
0000c398   L_LSL_9
00000022   P1DIR
00000025   P1IE
00000024   P1IES
00000023   P1IFG
00000020   P1IN
00000021   P1OUT
00000027   P1REN
00000026   P1SEL
00000041   P1SEL2
0000002a   P2DIR
0000002d   P2IE
0000002c   P2IES
0000002b   P2IFG
00000028   P2IN
00000029   P2OUT
0000002f   P2REN
0000002e   P2SEL
00000042   P2SEL2
0000001a   P3DIR
00000018   P3IN
00000019   P3OUT
00000010   P3REN
0000001b   P3SEL
00000043   P3SEL2
0000c3fa   PORT1_ISR
0000c434   PreApplicationMode
00000172   TA0CCR0
00000174   TA0CCR1
00000176   TA0CCR2
00000162   TA0CCTL0
00000164   TA0CCTL1
00000166   TA0CCTL2
00000160   TA0CTL
0000012e   TA0IV
00000170   TA0R
00000192   TA1CCR0
00000194   TA1CCR1
00000196   TA1CCR2
00000182   TA1CCTL0
00000184   TA1CCTL1
00000186   TA1CCTL2
00000180   TA1CTL
0000011e   TA1IV
00000190   TA1R
00000206   TXByte
0000c1aa   Timer_A
0000c3be   Transmit
0000005d   UCA0ABCTL
00000062   UCA0BR0
00000063   UCA0BR1
00000060   UCA0CTL0
00000061   UCA0CTL1
0000005f   UCA0IRRCTL
0000005e   UCA0IRTCTL
00000064   UCA0MCTL
00000066   UCA0RXBUF
00000065   UCA0STAT
00000067   UCA0TXBUF
0000006a   UCB0BR0
0000006b   UCB0BR1
00000068   UCB0CTL0
00000069   UCB0CTL1
0000006c   UCB0I2CIE
00000118   UCB0I2COA
0000011a   UCB0I2CSA
0000006e   UCB0RXBUF
0000006d   UCB0STAT
0000006f   UCB0TXBUF
00000120   WDTCTL
0000c536   WDT_ISR
00000400   __STACK_END
00000050   __STACK_SIZE
00000001   __TI_args_main
00000001   __TI_auto_init
00000001   __TI_exit
ffffffff   __binit__
00000200   __bss__
ffffffff   __c_args__
0000c58c   __cinit__
0000c302   __divli
0000c264   __divul
0000023e   __end__
0000c58c   __etext__
0000c48c   __mpyl
ffffffff   __pinit__
0000c302   __remli
0000c264   __remul
0000c000   __text__
0000c2bc   _auto_init
0000c466   _c_int00
0000c466   _c_int00_noexit
0000023a   _cleanup_ptr
0000023c   _dtors_ptr
00000236   _lock
0000c58a   _nop
0000fffe   _reset_vector
000003b0   _stack
0000c582   _system_pre_init
00000238   _unlock
0000c586   abort
00000201   applicationMode
ffffffff   binit
00000204   calibrateUpdate
0000c58c   cinit
0000023e   end
0000c58c   etext
0000c568   func_epilog_1
0000c566   func_epilog_2
0000c564   func_epilog_3
0000c562   func_epilog_4
0000c560   func_epilog_5
0000c55e   func_epilog_6
0000c55c   func_epilog_7
0000c000   main
0000c54a   memcpy
ffffffff   pinit
0000c508   ta1_isr
0000022a   tempAverage
0000022e   tempCalibrated
00000232   tempDifference
00000208   tempMeasured
00000228   tempMeasuredPosition
00000203   tempMode
00000205   tempPolarity
00000202   timerMode


GLOBAL SYMBOLS: SORTED BY Symbol Address 

address    name
--------   ----
00000000   IE1
00000001   IE2
00000001   __TI_args_main
00000001   __TI_auto_init
00000001   __TI_exit
00000002   IFG1
00000003   IFG2
00000010   P3REN
00000018   P3IN
00000019   P3OUT
0000001a   P3DIR
0000001b   P3SEL
00000020   P1IN
00000021   P1OUT
00000022   P1DIR
00000023   P1IFG
00000024   P1IES
00000025   P1IE
00000026   P1SEL
00000027   P1REN
00000028   P2IN
00000029   P2OUT
0000002a   P2DIR
0000002b   P2IFG
0000002c   P2IES
0000002d   P2IE
0000002e   P2SEL
0000002f   P2REN
00000041   P1SEL2
00000042   P2SEL2
00000043   P3SEL2
00000048   ADC10DTC0
00000049   ADC10DTC1
0000004a   ADC10AE0
00000050   __STACK_SIZE
00000053   BCSCTL3
00000056   DCOCTL
00000057   BCSCTL1
00000058   BCSCTL2
00000059   CACTL1
0000005a   CACTL2
0000005b   CAPD
0000005d   UCA0ABCTL
0000005e   UCA0IRTCTL
0000005f   UCA0IRRCTL
00000060   UCA0CTL0
00000061   UCA0CTL1
00000062   UCA0BR0
00000063   UCA0BR1
00000064   UCA0MCTL
00000065   UCA0STAT
00000066   UCA0RXBUF
00000067   UCA0TXBUF
00000068   UCB0CTL0
00000069   UCB0CTL1
0000006a   UCB0BR0
0000006b   UCB0BR1
0000006c   UCB0I2CIE
0000006d   UCB0STAT
0000006e   UCB0RXBUF
0000006f   UCB0TXBUF
00000118   UCB0I2COA
0000011a   UCB0I2CSA
0000011e   TA1IV
00000120   WDTCTL
00000128   FCTL1
0000012a   FCTL2
0000012c   FCTL3
0000012e   TA0IV
00000160   TA0CTL
00000162   TA0CCTL0
00000164   TA0CCTL1
00000166   TA0CCTL2
00000170   TA0R
00000172   TA0CCR0
00000174   TA0CCR1
00000176   TA0CCR2
00000180   TA1CTL
00000182   TA1CCTL0
00000184   TA1CCTL1
00000186   TA1CCTL2
00000190   TA1R
00000192   TA1CCR0
00000194   TA1CCR1
00000196   TA1CCR2
000001b0   ADC10CTL0
000001b2   ADC10CTL1
000001b4   ADC10MEM
000001bc   ADC10SA
00000200   .bss
00000200   BitCnt
00000200   __bss__
00000201   applicationMode
00000202   timerMode
00000203   tempMode
00000204   calibrateUpdate
00000205   tempPolarity
00000206   TXByte
00000208   tempMeasured
00000228   tempMeasuredPosition
0000022a   tempAverage
0000022e   tempCalibrated
00000232   tempDifference
00000236   _lock
00000238   _unlock
0000023a   _cleanup_ptr
0000023c   _dtors_ptr
0000023e   __end__
0000023e   end
000003b0   _stack
00000400   __STACK_END
000010f8   CALDCO_16MHZ
000010f9   CALBC1_16MHZ
000010fa   CALDCO_12MHZ
000010fb   CALBC1_12MHZ
000010fc   CALDCO_8MHZ
000010fd   CALBC1_8MHZ
000010fe   CALDCO_1MHZ
000010ff   CALBC1_1MHZ
0000c000   .text
0000c000   __text__
0000c000   main
0000c1aa   Timer_A
0000c20c   ConfigureAdcTempSensor
0000c264   __divul
0000c264   __remul
0000c2bc   _auto_init
0000c302   __divli
0000c302   __remli
0000c342   L_ASR_15
0000c346   L_ASR_14
0000c34a   L_ASR_13
0000c34e   L_ASR_12
0000c352   L_ASR_11
0000c356   L_ASR_10
0000c35a   L_ASR_9
0000c35e   L_ASR_8
0000c362   L_ASR_7
0000c366   L_ASR_6
0000c36a   L_ASR_5
0000c36e   L_ASR_4
0000c372   L_ASR_3
0000c376   L_ASR_2
0000c37a   L_ASR_1
0000c380   L_LSL_15
0000c384   L_LSL_14
0000c388   L_LSL_13
0000c38c   L_LSL_12
0000c390   L_LSL_11
0000c394   L_LSL_10
0000c398   L_LSL_9
0000c39c   L_LSL_8
0000c3a0   L_LSL_7
0000c3a4   L_LSL_6
0000c3a8   L_LSL_5
0000c3ac   L_LSL_4
0000c3b0   L_LSL_3
0000c3b4   L_LSL_2
0000c3b8   L_LSL_1
0000c3be   Transmit
0000c3fa   PORT1_ISR
0000c434   PreApplicationMode
0000c466   _c_int00
0000c466   _c_int00_noexit
0000c48c   __mpyl
0000c4b2   ConfigureTimerPwm
0000c4d4   ConfigureTimerUart
0000c4ee   InitializeButton
0000c508   ta1_isr
0000c522   InitializeClocks
0000c536   WDT_ISR
0000c54a   memcpy
0000c55c   func_epilog_7
0000c55e   func_epilog_6
0000c560   func_epilog_5
0000c562   func_epilog_4
0000c564   func_epilog_3
0000c566   func_epilog_2
0000c568   func_epilog_1
0000c56c   InitializeLeds
0000c57a   ADC10_ISR
0000c582   _system_pre_init
0000c586   C$$EXIT
0000c586   abort
0000c58a   _nop
0000c58c   __cinit__
0000c58c   __etext__
0000c58c   cinit
0000c58c   etext
0000fffe   _reset_vector
ffffffff   __binit__
ffffffff   __c_args__
ffffffff   __pinit__
ffffffff   binit
ffffffff   pinit

[195 symbols]
